<html>
<body>
<pre>
<h1>µVision Build Log</h1>
<h2>Project:</h2>
C:\Keil\Labware\Lab10_TrafficLight\Lab10.uvproj
Project File Date:  04/06/2016

<h2>Output:</h2>
Build target 'Lab10'
compiling TableTrafficLight.c...
TableTrafficLight.c(289): warning:  #1-D: last line of file ends without a newline
  }
TableTrafficLight.c: 1 warning, 0 errors
linking...
Program Size: Code=4508 RO-data=14780 RW-data=68 ZI-data=1756  
".\Lab10.axf" - 0 Error(s), 1 Warning(s).
Load "C:\\Keil\\Labware\\Lab10_TrafficLight\\Lab10.axf" 
Connecting: Mode=JTAG, Speed=1000000Hz
Erase Done.
Programming Done.
Verify OK.
Load "C:\\Keil\\Labware\\Lab10_TrafficLight\\Lab10.axf" 
Connecting: Mode=JTAG, Speed=1000000Hz
Erase Done.
Programming Done.
Verify OK.
Load "C:\\Keil\\Labware\\Lab10_TrafficLight\\Lab10.axf" 
Connecting: Mode=JTAG, Speed=1000000Hz
Erase Done.
Programming Done.
Verify OK.
</pre>
</body>
</html>
